MO Rotation_direction NULL Rotation_direction.v vlg74/_rotation__direction.bin 1338288726
MO control_ball NULL control_ball.v vlg5F/control__ball.bin 1338288726
MO draw_ball NULL draw_ball.v vlg44/draw__ball.bin 1338288726
MO ballgame NULL ballgame.v vlg75/ballgame.bin 1338288726
MO VGA_control NULL VGA_control.v vlg5E/_v_g_a__control.bin 1338288726
MO Lab7test1 NULL Lab7-test1.v vlg63/_lab7test1.bin 1338009706
MO PS2_Control NULL PS2_control.v vlg75/_p_s2___control.bin 1338288726
