MO PING_PONG_GAME NULL PING_PONG_GAME.v vlg66/_p_i_n_g___p_o_n_g___g_a_m_e.bin 1338291753
MO controll_ball NULL controll_ball.v vlg0F/controll__ball.bin 1338291753
MO vga_sync NULL vga_sync.v vlg62/vga__sync.bin 1338291753
MO controll_text NULL controll_text.v vlg01/controll__text.bin 1338291753
MO font_rom NULL font_rom.v vlg6C/font__rom.bin 1338291753
